2026-03-22 00:16:36 -04:00: [dotenv@17.3.1] injecting env (42) from .env -- tip: 🛠️  run anywhere with `dotenvx run -- yourcommand`
2026-03-22 00:16:39 -04:00: [dotenv@17.3.1] injecting env (42) from .env -- tip: 🔐 prevent committing .env to code: https://dotenvx.com/precommit
2026-03-22 00:16:40 -04:00: [dotenv@17.3.1] injecting env (42) from .env -- tip: 🔐 prevent building .env in docker: https://dotenvx.com/prebuild
2026-03-22 00:16:42 -04:00: [dotenv@17.3.1] injecting env (42) from .env -- tip: 🔐 prevent committing .env to code: https://dotenvx.com/precommit
2026-03-22 00:16:43 -04:00: [dotenv@17.3.1] injecting env (42) from .env -- tip: ⚙️  enable debug logging with { debug: true }
2026-03-22 00:16:45 -04:00: [dotenv@17.3.1] injecting env (42) from .env -- tip: ⚙️  specify custom .env file path with { path: '/custom/path/.env' }
2026-03-22 00:16:45 -04:00: [dotenv@17.3.1] injecting env (42) from .env -- tip: ⚡️ secrets for agents: https://dotenvx.com/as2
2026-03-22 00:16:46 -04:00: [dotenv@17.3.1] injecting env (42) from .env -- tip: ⚡️ secrets for agents: https://dotenvx.com/as2
2026-03-22 00:16:47 -04:00: [dotenv@17.3.1] injecting env (42) from .env -- tip: ⚡️ secrets for agents: https://dotenvx.com/as2
2026-03-22 00:16:48 -04:00: [dotenv@17.3.1] injecting env (42) from .env -- tip: ⚙️  suppress all logs with { quiet: true }
2026-03-22 00:16:49 -04:00: [dotenv@17.3.1] injecting env (42) from .env -- tip: ⚙️  override existing env vars with { override: true }
2026-03-22 00:16:49 -04:00: [dotenv@17.3.1] injecting env (42) from .env -- tip: 🤖 agentic secret storage: https://dotenvx.com/as2
2026-03-22 00:16:50 -04:00: [dotenv@17.3.1] injecting env (42) from .env -- tip: ⚙️  specify custom .env file path with { path: '/custom/path/.env' }
2026-03-22 00:16:51 -04:00: [dotenv@17.3.1] injecting env (42) from .env -- tip: 🛡️ auth for agents: https://vestauth.com
2026-03-22 00:16:52 -04:00: [dotenv@17.3.1] injecting env (42) from .env -- tip: 🛠️  run anywhere with `dotenvx run -- yourcommand`
2026-03-22 00:16:52 -04:00: [dotenv@17.3.1] injecting env (42) from .env -- tip: 🔐 prevent building .env in docker: https://dotenvx.com/prebuild
2026-03-22 00:16:53 -04:00: [dotenv@17.3.1] injecting env (42) from .env -- tip: ⚙️  write to custom object with { processEnv: myObject }
2026-03-22 00:16:53 -04:00: [dotenv@17.3.1] injecting env (42) from .env -- tip: ⚙️  override existing env vars with { override: true }
2026-03-22 00:16:54 -04:00: [dotenv@17.3.1] injecting env (42) from .env -- tip: 🔐 prevent committing .env to code: https://dotenvx.com/precommit
2026-03-22 00:16:55 -04:00: [dotenv@17.3.1] injecting env (42) from .env -- tip: 🛡️ auth for agents: https://vestauth.com
2026-03-22 00:16:55 -04:00: [dotenv@17.3.1] injecting env (42) from .env -- tip: ⚙️  write to custom object with { processEnv: myObject }
2026-03-22 00:16:56 -04:00: [dotenv@17.3.1] injecting env (42) from .env -- tip: ⚙️  override existing env vars with { override: true }
2026-03-22 00:16:57 -04:00: [dotenv@17.3.1] injecting env (42) from .env -- tip: ⚙️  enable debug logging with { debug: true }
2026-03-22 00:16:57 -04:00: [dotenv@17.3.1] injecting env (42) from .env -- tip: ⚙️  load multiple .env files with { path: ['.env.local', '.env'] }
2026-03-22 00:16:58 -04:00: [dotenv@17.3.1] injecting env (42) from .env -- tip: 🔐 prevent building .env in docker: https://dotenvx.com/prebuild
2026-03-22 00:16:58 -04:00: [dotenv@17.3.1] injecting env (42) from .env -- tip: 🔐 encrypt with Dotenvx: https://dotenvx.com
2026-03-22 00:16:58 -04:00: [dotenv@17.3.1] injecting env (42) from .env -- tip: 🔐 prevent building .env in docker: https://dotenvx.com/prebuild
2026-03-22 00:17:00 -04:00: [dotenv@17.3.1] injecting env (42) from .env -- tip: 🤖 agentic secret storage: https://dotenvx.com/as2
2026-03-22 00:17:00 -04:00: [dotenv@17.3.1] injecting env (42) from .env -- tip: ⚙️  enable debug logging with { debug: true }
2026-03-22 00:17:00 -04:00: [dotenv@17.3.1] injecting env (42) from .env -- tip: ⚙️  suppress all logs with { quiet: true }
2026-03-22 00:17:01 -04:00: [dotenv@17.3.1] injecting env (42) from .env -- tip: ⚡️ secrets for agents: https://dotenvx.com/as2
2026-03-22 00:17:01 -04:00: [dotenv@17.3.1] injecting env (42) from .env -- tip: ⚙️  override existing env vars with { override: true }
2026-03-22 00:17:02 -04:00: [dotenv@17.3.1] injecting env (42) from .env -- tip: ⚙️  write to custom object with { processEnv: myObject }
2026-03-22 00:17:02 -04:00: [dotenv@17.3.1] injecting env (42) from .env -- tip: ⚙️  override existing env vars with { override: true }
2026-03-22 00:17:04 -04:00: [dotenv@17.3.1] injecting env (42) from .env -- tip: 🔐 encrypt with Dotenvx: https://dotenvx.com
2026-03-22 00:17:04 -04:00: [dotenv@17.3.1] injecting env (42) from .env -- tip: ⚙️  specify custom .env file path with { path: '/custom/path/.env' }
2026-03-22 00:17:04 -04:00: [dotenv@17.3.1] injecting env (42) from .env -- tip: ⚙️  load multiple .env files with { path: ['.env.local', '.env'] }
2026-03-22 00:17:05 -04:00: [dotenv@17.3.1] injecting env (42) from .env -- tip: ⚙️  enable debug logging with { debug: true }
2026-03-22 00:17:05 -04:00: [dotenv@17.3.1] injecting env (42) from .env -- tip: 🔐 prevent committing .env to code: https://dotenvx.com/precommit
2026-03-22 00:17:06 -04:00: [dotenv@17.3.1] injecting env (42) from .env -- tip: ⚡️ secrets for agents: https://dotenvx.com/as2
2026-03-22 00:17:06 -04:00: [dotenv@17.3.1] injecting env (42) from .env -- tip: 🔐 encrypt with Dotenvx: https://dotenvx.com
2026-03-22 00:17:07 -04:00: [dotenv@17.3.1] injecting env (42) from .env -- tip: 🔐 encrypt with Dotenvx: https://dotenvx.com
2026-03-22 00:17:08 -04:00: [dotenv@17.3.1] injecting env (42) from .env -- tip: ⚙️  load multiple .env files with { path: ['.env.local', '.env'] }
2026-03-22 00:17:09 -04:00: [dotenv@17.3.1] injecting env (42) from .env -- tip: ⚙️  write to custom object with { processEnv: myObject }
2026-03-22 00:17:09 -04:00: [dotenv@17.3.1] injecting env (42) from .env -- tip: 🔐 prevent committing .env to code: https://dotenvx.com/precommit
2026-03-22 00:17:09 -04:00: [dotenv@17.3.1] injecting env (42) from .env -- tip: 🔐 prevent building .env in docker: https://dotenvx.com/prebuild
2026-03-22 00:17:10 -04:00: [dotenv@17.3.1] injecting env (42) from .env -- tip: ⚙️  override existing env vars with { override: true }
2026-03-22 00:17:10 -04:00: [dotenv@17.3.1] injecting env (42) from .env -- tip: 🔐 prevent building .env in docker: https://dotenvx.com/prebuild
2026-03-22 00:17:11 -04:00: [dotenv@17.3.1] injecting env (42) from .env -- tip: ⚡️ secrets for agents: https://dotenvx.com/as2
2026-03-22 00:17:11 -04:00: [dotenv@17.3.1] injecting env (42) from .env -- tip: ⚙️  suppress all logs with { quiet: true }
2026-03-22 00:17:11 -04:00: [dotenv@17.3.1] injecting env (42) from .env -- tip: ⚙️  suppress all logs with { quiet: true }
2026-03-22 00:17:13 -04:00: [dotenv@17.3.1] injecting env (42) from .env -- tip: 🔐 encrypt with Dotenvx: https://dotenvx.com
2026-03-22 00:17:13 -04:00: [dotenv@17.3.1] injecting env (42) from .env -- tip: ⚙️  load multiple .env files with { path: ['.env.local', '.env'] }
2026-03-22 00:17:13 -04:00: [dotenv@17.3.1] injecting env (42) from .env -- tip: ⚙️  suppress all logs with { quiet: true }
2026-03-22 00:17:14 -04:00: [dotenv@17.3.1] injecting env (42) from .env -- tip: 🔐 encrypt with Dotenvx: https://dotenvx.com
2026-03-22 00:17:14 -04:00: [dotenv@17.3.1] injecting env (42) from .env -- tip: 🔐 prevent committing .env to code: https://dotenvx.com/precommit
2026-03-22 00:17:14 -04:00: [dotenv@17.3.1] injecting env (42) from .env -- tip: 🔐 prevent building .env in docker: https://dotenvx.com/prebuild
2026-03-22 00:17:16 -04:00: [dotenv@17.3.1] injecting env (42) from .env -- tip: 🔐 encrypt with Dotenvx: https://dotenvx.com
2026-03-22 00:17:16 -04:00: [dotenv@17.3.1] injecting env (42) from .env -- tip: 🔐 encrypt with Dotenvx: https://dotenvx.com
2026-03-22 00:17:17 -04:00: [dotenv@17.3.1] injecting env (42) from .env -- tip: ⚡️ secrets for agents: https://dotenvx.com/as2
2026-03-22 00:17:18 -04:00: [dotenv@17.3.1] injecting env (42) from .env -- tip: 🛠️  run anywhere with `dotenvx run -- yourcommand`
2026-03-22 00:17:18 -04:00: [dotenv@17.3.1] injecting env (42) from .env -- tip: 🛠️  run anywhere with `dotenvx run -- yourcommand`
2026-03-22 00:17:18 -04:00: [dotenv@17.3.1] injecting env (42) from .env -- tip: 🤖 agentic secret storage: https://dotenvx.com/as2
2026-03-22 00:17:18 -04:00: [dotenv@17.3.1] injecting env (42) from .env -- tip: ⚙️  specify custom .env file path with { path: '/custom/path/.env' }
2026-03-22 00:17:19 -04:00: [dotenv@17.3.1] injecting env (42) from .env -- tip: 🛠️  run anywhere with `dotenvx run -- yourcommand`
2026-03-22 00:17:20 -04:00: [dotenv@17.3.1] injecting env (42) from .env -- tip: ⚙️  specify custom .env file path with { path: '/custom/path/.env' }
2026-03-22 00:17:20 -04:00: [dotenv@17.3.1] injecting env (42) from .env -- tip: ⚙️  write to custom object with { processEnv: myObject }
2026-03-22 00:17:21 -04:00: [dotenv@17.3.1] injecting env (42) from .env -- tip: 🔐 prevent building .env in docker: https://dotenvx.com/prebuild
2026-03-22 00:17:22 -04:00: [dotenv@17.3.1] injecting env (42) from .env -- tip: ⚙️  specify custom .env file path with { path: '/custom/path/.env' }
2026-03-22 00:17:22 -04:00: [dotenv@17.3.1] injecting env (42) from .env -- tip: ⚙️  load multiple .env files with { path: ['.env.local', '.env'] }
2026-03-22 00:17:22 -04:00: [dotenv@17.3.1] injecting env (42) from .env -- tip: ⚙️  suppress all logs with { quiet: true }
2026-03-22 00:17:23 -04:00: [dotenv@17.3.1] injecting env (42) from .env -- tip: 🔐 encrypt with Dotenvx: https://dotenvx.com
2026-03-22 00:17:23 -04:00: [dotenv@17.3.1] injecting env (42) from .env -- tip: ⚙️  load multiple .env files with { path: ['.env.local', '.env'] }
2026-03-22 00:17:25 -04:00: [dotenv@17.3.1] injecting env (42) from .env -- tip: 🛡️ auth for agents: https://vestauth.com
2026-03-22 00:17:25 -04:00: [dotenv@17.3.1] injecting env (42) from .env -- tip: ⚙️  suppress all logs with { quiet: true }
2026-03-22 00:17:26 -04:00: [dotenv@17.3.1] injecting env (42) from .env -- tip: 🔐 encrypt with Dotenvx: https://dotenvx.com
2026-03-22 00:17:26 -04:00: [dotenv@17.3.1] injecting env (42) from .env -- tip: 🤖 agentic secret storage: https://dotenvx.com/as2
2026-03-22 00:17:27 -04:00: [dotenv@17.3.1] injecting env (42) from .env -- tip: ⚙️  write to custom object with { processEnv: myObject }
2026-03-22 00:17:27 -04:00: [dotenv@17.3.1] injecting env (42) from .env -- tip: ⚙️  write to custom object with { processEnv: myObject }
2026-03-22 00:17:27 -04:00: [dotenv@17.3.1] injecting env (42) from .env -- tip: 🛠️  run anywhere with `dotenvx run -- yourcommand`
2026-03-22 00:17:29 -04:00: [dotenv@17.3.1] injecting env (42) from .env -- tip: 🤖 agentic secret storage: https://dotenvx.com/as2
